// Jest Snapshot v1, https://goo.gl/fbAQLP

exports[`Storyshots Layout TODO 1`] = `
<p>
  TODO
</p>
`;

exports[`Storyshots Login TODO 1`] = `
<p>
  TODO
</p>
`;

exports[`Storyshots Navbar TODO 1`] = `
<p>
  TODO
</p>
`;

exports[`Storyshots Welcome to Invest Components 1`] = `
<div>
  <p>
    Vessel Components contains reusable react components which are not tried to any particular plugin or the application framework.
  </p>
</div>
`;
